// Jest Snapshot v1, https://goo.gl/fbAQLP

exports[`Tab components rendering variants should match to snapshot - empty TabContainer: TabContainer empty snapshot 1`] = `
<div
  className="MuiTabs-root"
>
  <div
    className="MuiTabs-scroller MuiTabs-fixed"
    onScroll={[Function]}
    style={
      Object {
        "marginBottom": null,
        "overflow": "hidden",
      }
    }
  >
    <div
      className="MuiTabs-flexContainer"
      onKeyDown={[Function]}
      role="tablist"
    />
  </div>
</div>
`;

exports[`Tab components rendering variants should match to snapshot - with TabContainer centered: TabContainer indicatorColor centered snapshot 1`] = `
<div
  className="MuiTabs-root"
>
  <div
    className="MuiTabs-scroller MuiTabs-fixed"
    onScroll={[Function]}
    style={
      Object {
        "marginBottom": null,
        "overflow": "hidden",
      }
    }
  >
    <div
      className="MuiTabs-flexContainer MuiTabs-centered"
      onKeyDown={[Function]}
      role="tablist"
    >
      <button
        aria-selected={false}
        className="MuiButtonBase-root MuiTab-root MuiTab-textColorInherit"
        disabled={false}
        onBlur={[Function]}
        onClick={[Function]}
        onDragLeave={[Function]}
        onFocus={[Function]}
        onKeyDown={[Function]}
        onKeyUp={[Function]}
        onMouseDown={[Function]}
        onMouseLeave={[Function]}
        onMouseUp={[Function]}
        onTouchEnd={[Function]}
        onTouchMove={[Function]}
        onTouchStart={[Function]}
        role="tab"
        tabIndex={-1}
        type="button"
      >
        <span
          className="MuiTab-wrapper"
        >
          Item One
        </span>
        <span
          className="MuiTouchRipple-root"
        />
      </button>
      <button
        aria-selected={false}
        className="MuiButtonBase-root MuiTab-root MuiTab-textColorInherit"
        disabled={false}
        onBlur={[Function]}
        onClick={[Function]}
        onDragLeave={[Function]}
        onFocus={[Function]}
        onKeyDown={[Function]}
        onKeyUp={[Function]}
        onMouseDown={[Function]}
        onMouseLeave={[Function]}
        onMouseUp={[Function]}
        onTouchEnd={[Function]}
        onTouchMove={[Function]}
        onTouchStart={[Function]}
        role="tab"
        tabIndex={-1}
        type="button"
      >
        <span
          className="MuiTab-wrapper"
        >
          Item Two
        </span>
        <span
          className="MuiTouchRipple-root"
        />
      </button>
      <button
        aria-selected={false}
        className="MuiButtonBase-root MuiTab-root MuiTab-textColorInherit"
        disabled={false}
        onBlur={[Function]}
        onClick={[Function]}
        onDragLeave={[Function]}
        onFocus={[Function]}
        onKeyDown={[Function]}
        onKeyUp={[Function]}
        onMouseDown={[Function]}
        onMouseLeave={[Function]}
        onMouseUp={[Function]}
        onTouchEnd={[Function]}
        onTouchMove={[Function]}
        onTouchStart={[Function]}
        role="tab"
        tabIndex={-1}
        type="button"
      >
        <span
          className="MuiTab-wrapper"
        >
          Item Three
        </span>
        <span
          className="MuiTouchRipple-root"
        />
      </button>
    </div>
    <span
      className="PrivateTabIndicator-root-1 PrivateTabIndicator-colorSecondary-3 MuiTabs-indicator"
      style={
        Object {
          "left": 0,
          "width": 0,
        }
      }
    />
  </div>
</div>
`;

exports[`Tab components rendering variants should match to snapshot - with TabContainer indicatorColor applied: TabContainer indicatorColor applied snapshot 1`] = `
<div
  className="MuiTabs-root"
>
  <div
    className="MuiTabs-scroller MuiTabs-fixed"
    onScroll={[Function]}
    style={
      Object {
        "marginBottom": null,
        "overflow": "hidden",
      }
    }
  >
    <div
      className="MuiTabs-flexContainer"
      onKeyDown={[Function]}
      role="tablist"
    >
      <button
        aria-selected={false}
        className="MuiButtonBase-root MuiTab-root MuiTab-textColorInherit"
        disabled={false}
        onBlur={[Function]}
        onClick={[Function]}
        onDragLeave={[Function]}
        onFocus={[Function]}
        onKeyDown={[Function]}
        onKeyUp={[Function]}
        onMouseDown={[Function]}
        onMouseLeave={[Function]}
        onMouseUp={[Function]}
        onTouchEnd={[Function]}
        onTouchMove={[Function]}
        onTouchStart={[Function]}
        role="tab"
        tabIndex={-1}
        type="button"
      >
        <span
          className="MuiTab-wrapper"
        >
          Item One
        </span>
      </button>
      <button
        aria-selected={false}
        className="MuiButtonBase-root MuiTab-root MuiTab-textColorInherit"
        disabled={false}
        onBlur={[Function]}
        onClick={[Function]}
        onDragLeave={[Function]}
        onFocus={[Function]}
        onKeyDown={[Function]}
        onKeyUp={[Function]}
        onMouseDown={[Function]}
        onMouseLeave={[Function]}
        onMouseUp={[Function]}
        onTouchEnd={[Function]}
        onTouchMove={[Function]}
        onTouchStart={[Function]}
        role="tab"
        tabIndex={-1}
        type="button"
      >
        <span
          className="MuiTab-wrapper"
        >
          Item Two
        </span>
      </button>
      <button
        aria-selected={false}
        className="MuiButtonBase-root MuiTab-root MuiTab-textColorInherit"
        disabled={false}
        onBlur={[Function]}
        onClick={[Function]}
        onDragLeave={[Function]}
        onFocus={[Function]}
        onKeyDown={[Function]}
        onKeyUp={[Function]}
        onMouseDown={[Function]}
        onMouseLeave={[Function]}
        onMouseUp={[Function]}
        onTouchEnd={[Function]}
        onTouchMove={[Function]}
        onTouchStart={[Function]}
        role="tab"
        tabIndex={-1}
        type="button"
      >
        <span
          className="MuiTab-wrapper"
        >
          Item Three
        </span>
      </button>
    </div>
  </div>
</div>
`;

exports[`Tab components rendering variants should match to snapshot - with TabContainer textColor applied: TabContainer textColor applied snapshot 1`] = `
<div
  className="MuiTabs-root"
>
  <div
    className="MuiTabs-scroller MuiTabs-fixed"
    onScroll={[Function]}
    style={
      Object {
        "marginBottom": null,
        "overflow": "hidden",
      }
    }
  >
    <div
      className="MuiTabs-flexContainer"
      onKeyDown={[Function]}
      role="tablist"
    >
      <button
        aria-selected={false}
        className="MuiButtonBase-root MuiTab-root MuiTab-textColorSecondary"
        disabled={false}
        onBlur={[Function]}
        onClick={[Function]}
        onDragLeave={[Function]}
        onFocus={[Function]}
        onKeyDown={[Function]}
        onKeyUp={[Function]}
        onMouseDown={[Function]}
        onMouseLeave={[Function]}
        onMouseUp={[Function]}
        onTouchEnd={[Function]}
        onTouchMove={[Function]}
        onTouchStart={[Function]}
        role="tab"
        tabIndex={-1}
        type="button"
      >
        <span
          className="MuiTab-wrapper"
        >
          Item One
        </span>
        <span
          className="MuiTouchRipple-root"
        />
      </button>
      <button
        aria-selected={false}
        className="MuiButtonBase-root MuiTab-root MuiTab-textColorSecondary"
        disabled={false}
        onBlur={[Function]}
        onClick={[Function]}
        onDragLeave={[Function]}
        onFocus={[Function]}
        onKeyDown={[Function]}
        onKeyUp={[Function]}
        onMouseDown={[Function]}
        onMouseLeave={[Function]}
        onMouseUp={[Function]}
        onTouchEnd={[Function]}
        onTouchMove={[Function]}
        onTouchStart={[Function]}
        role="tab"
        tabIndex={-1}
        type="button"
      >
        <span
          className="MuiTab-wrapper"
        >
          Item Two
        </span>
        <span
          className="MuiTouchRipple-root"
        />
      </button>
      <button
        aria-selected={false}
        className="MuiButtonBase-root MuiTab-root MuiTab-textColorSecondary"
        disabled={false}
        onBlur={[Function]}
        onClick={[Function]}
        onDragLeave={[Function]}
        onFocus={[Function]}
        onKeyDown={[Function]}
        onKeyUp={[Function]}
        onMouseDown={[Function]}
        onMouseLeave={[Function]}
        onMouseUp={[Function]}
        onTouchEnd={[Function]}
        onTouchMove={[Function]}
        onTouchStart={[Function]}
        role="tab"
        tabIndex={-1}
        type="button"
      >
        <span
          className="MuiTab-wrapper"
        >
          Item Three
        </span>
        <span
          className="MuiTouchRipple-root"
        />
      </button>
    </div>
    <span
      className="PrivateTabIndicator-root-1 PrivateTabIndicator-colorSecondary-3 MuiTabs-indicator"
      style={
        Object {
          "left": 0,
          "width": 0,
        }
      }
    />
  </div>
</div>
`;

exports[`Tab components rendering variants should match to snapshot - with TabItem disabled: TabContainer indicatorColor disabled snapshot 1`] = `
<div
  className="MuiTabs-root"
>
  <div
    className="MuiTabs-scroller MuiTabs-fixed"
    onScroll={[Function]}
    style={
      Object {
        "marginBottom": null,
        "overflow": "hidden",
      }
    }
  >
    <div
      className="MuiTabs-flexContainer"
      onKeyDown={[Function]}
      role="tablist"
    >
      <button
        aria-selected={false}
        className="MuiButtonBase-root MuiTab-root MuiTab-textColorInherit Mui-disabled Mui-disabled"
        disabled={true}
        onBlur={[Function]}
        onClick={[Function]}
        onDragLeave={[Function]}
        onFocus={[Function]}
        onKeyDown={[Function]}
        onKeyUp={[Function]}
        onMouseDown={[Function]}
        onMouseLeave={[Function]}
        onMouseUp={[Function]}
        onTouchEnd={[Function]}
        onTouchMove={[Function]}
        onTouchStart={[Function]}
        role="tab"
        tabIndex={-1}
        type="button"
      >
        <span
          className="MuiTab-wrapper"
        >
          Item One
        </span>
      </button>
      <button
        aria-selected={false}
        className="MuiButtonBase-root MuiTab-root MuiTab-textColorInherit Mui-disabled Mui-disabled"
        disabled={true}
        onBlur={[Function]}
        onClick={[Function]}
        onDragLeave={[Function]}
        onFocus={[Function]}
        onKeyDown={[Function]}
        onKeyUp={[Function]}
        onMouseDown={[Function]}
        onMouseLeave={[Function]}
        onMouseUp={[Function]}
        onTouchEnd={[Function]}
        onTouchMove={[Function]}
        onTouchStart={[Function]}
        role="tab"
        tabIndex={-1}
        type="button"
      >
        <span
          className="MuiTab-wrapper"
        >
          Item Two
        </span>
      </button>
      <button
        aria-selected={false}
        className="MuiButtonBase-root MuiTab-root MuiTab-textColorInherit Mui-disabled Mui-disabled"
        disabled={true}
        onBlur={[Function]}
        onClick={[Function]}
        onDragLeave={[Function]}
        onFocus={[Function]}
        onKeyDown={[Function]}
        onKeyUp={[Function]}
        onMouseDown={[Function]}
        onMouseLeave={[Function]}
        onMouseUp={[Function]}
        onTouchEnd={[Function]}
        onTouchMove={[Function]}
        onTouchStart={[Function]}
        role="tab"
        tabIndex={-1}
        type="button"
      >
        <span
          className="MuiTab-wrapper"
        >
          Item Three
        </span>
      </button>
    </div>
  </div>
</div>
`;
