// Jest Snapshot v1, https://goo.gl/fbAQLP

exports[`DrawerMenuSection component should match snapshot 1`] = `
Array [
  <li
    aria-disabled={false}
    className="MuiButtonBase-root MuiListItem-root makeStyles-root-2 MuiListItem-gutters MuiListItem-button"
    onBlur={[Function]}
    onClick={[Function]}
    onDragLeave={[Function]}
    onFocus={[Function]}
    onKeyDown={[Function]}
    onKeyUp={[Function]}
    onMouseDown={[Function]}
    onMouseLeave={[Function]}
    onMouseUp={[Function]}
    onTouchEnd={[Function]}
    onTouchMove={[Function]}
    onTouchStart={[Function]}
    role="button"
    tabIndex={0}
  >
    <div
      className="MuiListItemText-root"
    >
      <span
        className="MuiTypography-root MuiListItemText-primary MuiTypography-body1 MuiTypography-displayBlock"
      >
        <span
          className="MuiTypography-root MuiTypography-body2"
        />
      </span>
    </div>
    <i
      aria-hidden={true}
      className="material-icons MuiIcon-root natds-icons natds-icons-outlined-navigation-arrowbottom NatDSIcon-root-6 NatDSIcon-root-7"
    />
  </li>,
  <li
    className="MuiCollapse-root MuiCollapse-hidden"
    style={
      Object {
        "minHeight": "0px",
      }
    }
  >
    <div
      className="MuiCollapse-wrapper"
    >
      <div
        className="MuiCollapse-wrapperInner"
      />
    </div>
  </li>,
]
`;
