// Jest Snapshot v1, https://goo.gl/fbAQLP

exports[`Popover component when closed should match snapshot 1`] = `
<div
  className="MuiBox-root MuiBox-root-3 NatDSSpacing-root-1 NatDSSpacing-root-2"
>
  <button
    className="MuiButtonBase-root MuiButton-root NatDSButton-root-4 MuiButton-contained MuiButton-containedPrimary"
    disabled={false}
    onBlur={[Function]}
    onClick={[Function]}
    onDragLeave={[Function]}
    onFocus={[Function]}
    onKeyDown={[Function]}
    onKeyUp={[Function]}
    onMouseDown={[Function]}
    onMouseLeave={[Function]}
    onMouseUp={[Function]}
    onTouchEnd={[Function]}
    onTouchMove={[Function]}
    onTouchStart={[Function]}
    style={
      Object {
        "textTransform": undefined,
      }
    }
    tabIndex={0}
    type="button"
  >
    <span
      className="MuiButton-label NatDSButton-label-5"
    >
      Toggle Popover
    </span>
    <span
      className="MuiTouchRipple-root"
    />
  </button>
</div>
`;
