// Jest Snapshot v1, https://goo.gl/fbAQLP

exports[`AppBarHighlight should match snapshot - default props 1`] = `
<div
  className="NatDSAppBarHighlight NatDSAppBarHighlight-root-1"
>
  "any children"
</div>
`;
