// Jest Snapshot v1, https://goo.gl/fbAQLP

exports[`Drawer Menu Item component should match snapshot 1`] = `
<li
  aria-disabled={false}
  className="MuiButtonBase-root MuiListItem-root NatDSMenuItemText-listItem-1 MuiListItem-gutters MuiListItem-button"
  onBlur={[Function]}
  onDragLeave={[Function]}
  onFocus={[Function]}
  onKeyDown={[Function]}
  onKeyUp={[Function]}
  onMouseDown={[Function]}
  onMouseLeave={[Function]}
  onMouseUp={[Function]}
  onTouchEnd={[Function]}
  onTouchMove={[Function]}
  onTouchStart={[Function]}
  role="button"
  tabIndex={0}
>
  <div
    className="MuiListItemText-root"
  >
    <span
      className="MuiTypography-root MuiListItemText-primary MuiTypography-body1 MuiTypography-displayBlock"
    >
      <span
        className="MuiTypography-root MuiTypography-body2"
      />
    </span>
  </div>
</li>
`;
