// Jest Snapshot v1, https://goo.gl/fbAQLP

exports[`Button rendering should match to snapshot - AccessibilityLabel: AccessibilityLabel button snapshot 1`] = `
<View
  style={
    Object {
      "backgroundColor": "transparent",
      "borderColor": "#6200ee",
      "borderRadius": 4,
      "borderStyle": "solid",
      "borderWidth": 0,
      "elevation": 0,
      "minWidth": 64,
    }
  }
>
  <View
    accessibilityLabel="accessibilityLabel"
    accessibilityRole="button"
    accessibilityStates={Array []}
    accessible={true}
    focusable={false}
    isTVSelectable={true}
    onClick={[Function]}
    onResponderGrant={[Function]}
    onResponderMove={[Function]}
    onResponderRelease={[Function]}
    onResponderTerminate={[Function]}
    onResponderTerminationRequest={[Function]}
    onStartShouldSetResponder={[Function]}
    style={
      Array [
        Object {
          "overflow": "hidden",
        },
        Object {
          "borderRadius": 4,
        },
      ]
    }
  >
    <View
      style={
        Array [
          Object {
            "alignItems": "center",
            "flexDirection": "row",
            "justifyContent": "center",
          },
          undefined,
        ]
      }
    >
      <Text
        numberOfLines={1}
        style={
          Array [
            Object {
              "color": "#000000",
              "fontFamily": "System",
              "fontWeight": "400",
              "textAlign": "left",
            },
            Array [
              Object {
                "letterSpacing": 1,
                "marginHorizontal": 16,
                "marginVertical": 9,
                "textAlign": "center",
              },
              undefined,
              Object {
                "textTransform": "uppercase",
              },
              Object {
                "color": "#6200ee",
                "fontFamily": "System",
                "fontWeight": "500",
              },
              Object {
                "fontFamily": "System",
                "fontWeight": "500",
              },
              Object {
                "fontWeight": "400",
              },
            ],
          ]
        }
      />
    </View>
  </View>
</View>
`;

exports[`Button rendering should match to snapshot - Default: Default button snapshot 1`] = `
<View
  style={
    Object {
      "backgroundColor": "transparent",
      "borderColor": "#6200ee",
      "borderRadius": 4,
      "borderStyle": "solid",
      "borderWidth": 0,
      "elevation": 0,
      "minWidth": 64,
    }
  }
>
  <View
    accessibilityRole="button"
    accessibilityStates={Array []}
    accessible={true}
    focusable={false}
    isTVSelectable={true}
    onClick={[Function]}
    onResponderGrant={[Function]}
    onResponderMove={[Function]}
    onResponderRelease={[Function]}
    onResponderTerminate={[Function]}
    onResponderTerminationRequest={[Function]}
    onStartShouldSetResponder={[Function]}
    style={
      Array [
        Object {
          "overflow": "hidden",
        },
        Object {
          "borderRadius": 4,
        },
      ]
    }
  >
    <View
      style={
        Array [
          Object {
            "alignItems": "center",
            "flexDirection": "row",
            "justifyContent": "center",
          },
          undefined,
        ]
      }
    >
      <Text
        numberOfLines={1}
        style={
          Array [
            Object {
              "color": "#000000",
              "fontFamily": "System",
              "fontWeight": "400",
              "textAlign": "left",
            },
            Array [
              Object {
                "letterSpacing": 1,
                "marginHorizontal": 16,
                "marginVertical": 9,
                "textAlign": "center",
              },
              undefined,
              Object {
                "textTransform": "uppercase",
              },
              Object {
                "color": "#6200ee",
                "fontFamily": "System",
                "fontWeight": "500",
              },
              Object {
                "fontFamily": "System",
                "fontWeight": "500",
              },
              Object {
                "fontWeight": "400",
              },
            ],
          ]
        }
      />
    </View>
  </View>
</View>
`;

exports[`Button rendering should match to snapshot - Disabled: Disabled button snapshot 1`] = `
<View
  style={
    Object {
      "backgroundColor": "transparent",
      "borderColor": "rgba(0, 0, 0, 0.32)",
      "borderRadius": 4,
      "borderStyle": "solid",
      "borderWidth": 0,
      "elevation": 0,
      "minWidth": 64,
    }
  }
>
  <View
    accessibilityRole="button"
    accessibilityStates={
      Array [
        "disabled",
      ]
    }
    accessible={true}
    focusable={false}
    isTVSelectable={true}
    onClick={[Function]}
    onResponderGrant={[Function]}
    onResponderMove={[Function]}
    onResponderRelease={[Function]}
    onResponderTerminate={[Function]}
    onResponderTerminationRequest={[Function]}
    onStartShouldSetResponder={[Function]}
    style={
      Array [
        Object {
          "overflow": "hidden",
        },
        Object {
          "borderRadius": 4,
        },
      ]
    }
  >
    <View
      style={
        Array [
          Object {
            "alignItems": "center",
            "flexDirection": "row",
            "justifyContent": "center",
          },
          undefined,
        ]
      }
    >
      <Text
        numberOfLines={1}
        style={
          Array [
            Object {
              "color": "#000000",
              "fontFamily": "System",
              "fontWeight": "400",
              "textAlign": "left",
            },
            Array [
              Object {
                "letterSpacing": 1,
                "marginHorizontal": 16,
                "marginVertical": 9,
                "textAlign": "center",
              },
              undefined,
              Object {
                "textTransform": "uppercase",
              },
              Object {
                "color": "rgba(0, 0, 0, 0.32)",
                "fontFamily": "System",
                "fontWeight": "500",
              },
              Object {
                "fontFamily": "System",
                "fontWeight": "500",
              },
              Object {
                "fontWeight": "400",
              },
            ],
          ]
        }
      />
    </View>
  </View>
</View>
`;

exports[`Button rendering should match to snapshot - Icon: Icon button snapshot 1`] = `
<View
  style={
    Object {
      "backgroundColor": "transparent",
      "borderColor": "#6200ee",
      "borderRadius": 4,
      "borderStyle": "solid",
      "borderWidth": 0,
      "elevation": 0,
      "minWidth": 64,
    }
  }
>
  <View
    accessibilityRole="button"
    accessibilityStates={Array []}
    accessible={true}
    focusable={false}
    isTVSelectable={true}
    onClick={[Function]}
    onResponderGrant={[Function]}
    onResponderMove={[Function]}
    onResponderRelease={[Function]}
    onResponderTerminate={[Function]}
    onResponderTerminationRequest={[Function]}
    onStartShouldSetResponder={[Function]}
    style={
      Array [
        Object {
          "overflow": "hidden",
        },
        Object {
          "borderRadius": 4,
        },
      ]
    }
  >
    <View
      style={
        Array [
          Object {
            "alignItems": "center",
            "flexDirection": "row",
            "justifyContent": "center",
          },
          undefined,
        ]
      }
    >
      <View
        style={
          Object {
            "marginLeft": 12,
            "marginRight": -4,
            "width": 16,
          }
        }
      >
        <Text
          accessibilityElementsHidden={true}
          allowFontScaling={false}
          importantForAccessibility="no-hide-descendants"
          pointerEvents="none"
          style={
            Array [
              Object {
                "color": "#6200ee",
                "fontSize": 16,
              },
              Array [
                Object {
                  "transform": Array [
                    Object {
                      "scaleX": 1,
                    },
                  ],
                },
                Object {
                  "backgroundColor": "transparent",
                },
              ],
              Object {
                "fontFamily": "Material Design Icons",
                "fontStyle": "normal",
                "fontWeight": "normal",
              },
              Object {},
            ]
          }
        >
          ï„€
        </Text>
      </View>
      <Text
        numberOfLines={1}
        style={
          Array [
            Object {
              "color": "#000000",
              "fontFamily": "System",
              "fontWeight": "400",
              "textAlign": "left",
            },
            Array [
              Object {
                "letterSpacing": 1,
                "marginHorizontal": 16,
                "marginVertical": 9,
                "textAlign": "center",
              },
              undefined,
              Object {
                "textTransform": "uppercase",
              },
              Object {
                "color": "#6200ee",
                "fontFamily": "System",
                "fontWeight": "500",
              },
              Object {
                "fontFamily": "System",
                "fontWeight": "500",
              },
              Object {
                "fontWeight": "400",
              },
            ],
          ]
        }
      />
    </View>
  </View>
</View>
`;

exports[`Button rendering should match to snapshot - Mode Contained: Mode Contained button snapshot 1`] = `
<View
  style={
    Object {
      "backgroundColor": "#6200ee",
      "borderColor": "#6200ee",
      "borderRadius": 4,
      "borderStyle": "solid",
      "borderWidth": 0,
      "elevation": 2,
      "minWidth": 64,
      "shadowColor": "#000000",
      "shadowOffset": Object {
        "height": 0.75,
        "width": 0,
      },
      "shadowOpacity": 0.24,
      "shadowRadius": 1.5,
    }
  }
>
  <View
    accessibilityRole="button"
    accessibilityStates={Array []}
    accessible={true}
    focusable={false}
    isTVSelectable={true}
    onClick={[Function]}
    onResponderGrant={[Function]}
    onResponderMove={[Function]}
    onResponderRelease={[Function]}
    onResponderTerminate={[Function]}
    onResponderTerminationRequest={[Function]}
    onStartShouldSetResponder={[Function]}
    style={
      Array [
        Object {
          "overflow": "hidden",
        },
        Object {
          "borderRadius": 4,
        },
      ]
    }
  >
    <View
      style={
        Array [
          Object {
            "alignItems": "center",
            "flexDirection": "row",
            "justifyContent": "center",
          },
          undefined,
        ]
      }
    >
      <Text
        numberOfLines={1}
        style={
          Array [
            Object {
              "color": "#000000",
              "fontFamily": "System",
              "fontWeight": "400",
              "textAlign": "left",
            },
            Array [
              Object {
                "letterSpacing": 1,
                "marginHorizontal": 16,
                "marginVertical": 9,
                "textAlign": "center",
              },
              undefined,
              Object {
                "textTransform": "uppercase",
              },
              Object {
                "color": "#ffffff",
                "fontFamily": "System",
                "fontWeight": "500",
              },
              Object {
                "fontFamily": "System",
                "fontWeight": "500",
              },
              Object {
                "fontWeight": "400",
              },
            ],
          ]
        }
      />
    </View>
  </View>
</View>
`;

exports[`Button rendering should match to snapshot - Mode Outlined: Mode Outlined button snapshot 1`] = `
<View
  style={
    Object {
      "backgroundColor": "transparent",
      "borderColor": "#6200ee",
      "borderRadius": 4,
      "borderStyle": "solid",
      "borderWidth": 0.5,
      "elevation": 0,
      "minWidth": 64,
    }
  }
>
  <View
    accessibilityRole="button"
    accessibilityStates={Array []}
    accessible={true}
    focusable={false}
    isTVSelectable={true}
    onClick={[Function]}
    onResponderGrant={[Function]}
    onResponderMove={[Function]}
    onResponderRelease={[Function]}
    onResponderTerminate={[Function]}
    onResponderTerminationRequest={[Function]}
    onStartShouldSetResponder={[Function]}
    style={
      Array [
        Object {
          "overflow": "hidden",
        },
        Object {
          "borderRadius": 4,
        },
      ]
    }
  >
    <View
      style={
        Array [
          Object {
            "alignItems": "center",
            "flexDirection": "row",
            "justifyContent": "center",
          },
          undefined,
        ]
      }
    >
      <Text
        numberOfLines={1}
        style={
          Array [
            Object {
              "color": "#000000",
              "fontFamily": "System",
              "fontWeight": "400",
              "textAlign": "left",
            },
            Array [
              Object {
                "letterSpacing": 1,
                "marginHorizontal": 16,
                "marginVertical": 9,
                "textAlign": "center",
              },
              undefined,
              Object {
                "textTransform": "uppercase",
              },
              Object {
                "color": "#000000",
                "fontFamily": "System",
                "fontWeight": "500",
              },
              Object {
                "fontFamily": "System",
                "fontWeight": "500",
              },
              Object {
                "fontWeight": "400",
              },
            ],
          ]
        }
      />
    </View>
  </View>
</View>
`;

exports[`Button rendering should match to snapshot - Mode Text: Mode Text button snapshot 1`] = `
<View
  style={
    Object {
      "backgroundColor": "transparent",
      "borderColor": "#6200ee",
      "borderRadius": 4,
      "borderStyle": "solid",
      "borderWidth": 0,
      "elevation": 0,
      "minWidth": 64,
    }
  }
>
  <View
    accessibilityRole="button"
    accessibilityStates={Array []}
    accessible={true}
    focusable={false}
    isTVSelectable={true}
    onClick={[Function]}
    onResponderGrant={[Function]}
    onResponderMove={[Function]}
    onResponderRelease={[Function]}
    onResponderTerminate={[Function]}
    onResponderTerminationRequest={[Function]}
    onStartShouldSetResponder={[Function]}
    style={
      Array [
        Object {
          "overflow": "hidden",
        },
        Object {
          "borderRadius": 4,
        },
      ]
    }
  >
    <View
      style={
        Array [
          Object {
            "alignItems": "center",
            "flexDirection": "row",
            "justifyContent": "center",
          },
          undefined,
        ]
      }
    >
      <Text
        numberOfLines={1}
        style={
          Array [
            Object {
              "color": "#000000",
              "fontFamily": "System",
              "fontWeight": "400",
              "textAlign": "left",
            },
            Array [
              Object {
                "letterSpacing": 1,
                "marginHorizontal": 16,
                "marginVertical": 9,
                "textAlign": "center",
              },
              undefined,
              Object {
                "textTransform": "uppercase",
              },
              Object {
                "color": "#6200ee",
                "fontFamily": "System",
                "fontWeight": "500",
              },
              Object {
                "fontFamily": "System",
                "fontWeight": "500",
              },
              Object {
                "fontWeight": "400",
              },
            ],
          ]
        }
      />
    </View>
  </View>
</View>
`;
