// Jest Snapshot v1, https://goo.gl/fbAQLP

exports[`Checkbox component rendering should match to snapshot - Checked: Checkbox checked snapshot 1`] = `
<span
  aria-disabled={false}
  className="MuiButtonBase-root MuiIconButton-root PrivateSwitchBase-root-1 MuiCheckbox-root MuiCheckbox-colorSecondary PrivateSwitchBase-checked-2 Mui-checked MuiIconButton-colorSecondary"
  onBlur={[Function]}
  onDragLeave={[Function]}
  onFocus={[Function]}
  onKeyDown={[Function]}
  onKeyUp={[Function]}
  onMouseDown={[Function]}
  onMouseLeave={[Function]}
  onMouseUp={[Function]}
  onTouchEnd={[Function]}
  onTouchMove={[Function]}
  onTouchStart={[Function]}
  tabIndex={null}
>
  <span
    className="MuiIconButton-label"
  >
    <input
      checked={true}
      className="PrivateSwitchBase-input-4"
      data-indeterminate={false}
      disabled={false}
      onChange={[Function]}
      type="checkbox"
    />
    <svg
      aria-hidden="true"
      className="MuiSvgIcon-root"
      focusable="false"
      role="presentation"
      viewBox="0 0 24 24"
    >
      <path
        d="M19 3H5c-1.11 0-2 .9-2 2v14c0 1.1.89 2 2 2h14c1.11 0 2-.9 2-2V5c0-1.1-.89-2-2-2zm-9 14l-5-5 1.41-1.41L10 14.17l7.59-7.59L19 8l-9 9z"
      />
    </svg>
  </span>
</span>
`;

exports[`Checkbox component rendering should match to snapshot - Color: Checkbox color primary snapshot 1`] = `
<span
  aria-disabled={false}
  className="MuiButtonBase-root MuiIconButton-root PrivateSwitchBase-root-1 MuiCheckbox-root MuiCheckbox-colorPrimary MuiIconButton-colorPrimary"
  onBlur={[Function]}
  onDragLeave={[Function]}
  onFocus={[Function]}
  onKeyDown={[Function]}
  onKeyUp={[Function]}
  onMouseDown={[Function]}
  onMouseLeave={[Function]}
  onMouseUp={[Function]}
  onTouchEnd={[Function]}
  onTouchMove={[Function]}
  onTouchStart={[Function]}
  tabIndex={null}
>
  <span
    className="MuiIconButton-label"
  >
    <input
      className="PrivateSwitchBase-input-4"
      data-indeterminate={false}
      disabled={false}
      onChange={[Function]}
      type="checkbox"
    />
    <svg
      aria-hidden="true"
      className="MuiSvgIcon-root"
      focusable="false"
      role="presentation"
      viewBox="0 0 24 24"
    >
      <path
        d="M19 5v14H5V5h14m0-2H5c-1.1 0-2 .9-2 2v14c0 1.1.9 2 2 2h14c1.1 0 2-.9 2-2V5c0-1.1-.9-2-2-2z"
      />
    </svg>
  </span>
  <span
    className="MuiTouchRipple-root"
  />
</span>
`;

exports[`Checkbox component rendering should match to snapshot - Default: Checkbox default snapshot 1`] = `
<span
  aria-disabled={false}
  className="MuiButtonBase-root MuiIconButton-root PrivateSwitchBase-root-1 MuiCheckbox-root MuiCheckbox-colorSecondary MuiIconButton-colorSecondary"
  onBlur={[Function]}
  onDragLeave={[Function]}
  onFocus={[Function]}
  onKeyDown={[Function]}
  onKeyUp={[Function]}
  onMouseDown={[Function]}
  onMouseLeave={[Function]}
  onMouseUp={[Function]}
  onTouchEnd={[Function]}
  onTouchMove={[Function]}
  onTouchStart={[Function]}
  tabIndex={null}
>
  <span
    className="MuiIconButton-label"
  >
    <input
      className="PrivateSwitchBase-input-4"
      data-indeterminate={false}
      disabled={false}
      onChange={[Function]}
      type="checkbox"
    />
    <svg
      aria-hidden="true"
      className="MuiSvgIcon-root"
      focusable="false"
      role="presentation"
      viewBox="0 0 24 24"
    >
      <path
        d="M19 5v14H5V5h14m0-2H5c-1.1 0-2 .9-2 2v14c0 1.1.9 2 2 2h14c1.1 0 2-.9 2-2V5c0-1.1-.9-2-2-2z"
      />
    </svg>
  </span>
</span>
`;

exports[`Checkbox component rendering should match to snapshot - Disabled: Checkbox disabled snapshot 1`] = `
<span
  aria-disabled={false}
  className="MuiButtonBase-root MuiIconButton-root PrivateSwitchBase-root-1 MuiCheckbox-root MuiCheckbox-colorSecondary PrivateSwitchBase-checked-2 Mui-checked MuiIconButton-colorSecondary"
  onBlur={[Function]}
  onDragLeave={[Function]}
  onFocus={[Function]}
  onKeyDown={[Function]}
  onKeyUp={[Function]}
  onMouseDown={[Function]}
  onMouseLeave={[Function]}
  onMouseUp={[Function]}
  onTouchEnd={[Function]}
  onTouchMove={[Function]}
  onTouchStart={[Function]}
  tabIndex={null}
>
  <span
    className="MuiIconButton-label"
  >
    <input
      checked={true}
      className="PrivateSwitchBase-input-4"
      data-indeterminate={false}
      disabled={false}
      onChange={[Function]}
      type="checkbox"
    />
    <svg
      aria-hidden="true"
      className="MuiSvgIcon-root"
      focusable="false"
      role="presentation"
      viewBox="0 0 24 24"
    >
      <path
        d="M19 3H5c-1.11 0-2 .9-2 2v14c0 1.1.89 2 2 2h14c1.11 0 2-.9 2-2V5c0-1.1-.89-2-2-2zm-9 14l-5-5 1.41-1.41L10 14.17l7.59-7.59L19 8l-9 9z"
      />
    </svg>
  </span>
  <span
    className="MuiTouchRipple-root"
  />
</span>
`;
