// Jest Snapshot v1, https://goo.gl/fbAQLP

exports[`Icon component should match snapshot - Any valid Icon with huge size: Icon snapshot - valid icon with huge size 1`] = `
<i
  className="sc-AxjAm dkmqmN natds-icons natds-icons-filled-action-add undefined"
  size="huge"
/>
`;

exports[`Icon component should match snapshot - Any valid Icon with hugex size: Icon snapshot - valid icon with hugex size 1`] = `
<i
  className="sc-AxjAm dRiwoK natds-icons natds-icons-filled-action-add undefined"
  size="hugex"
/>
`;

exports[`Icon component should match snapshot - Any valid Icon with hugexx size: Icon snapshot - valid icon with hugexx size 1`] = `
<i
  className="sc-AxjAm dvehzZ natds-icons natds-icons-filled-action-add undefined"
  size="hugexx"
/>
`;

exports[`Icon component should match snapshot - Any valid Icon with large size: Icon snapshot - valid icon with large size 1`] = `
<i
  className="sc-AxjAm fEOoUl natds-icons natds-icons-filled-action-add undefined"
  size="large"
/>
`;

exports[`Icon component should match snapshot - Any valid Icon with largex size: Icon snapshot - valid icon with largex size 1`] = `
<i
  className="sc-AxjAm fEkeTL natds-icons natds-icons-filled-action-add undefined"
  size="largex"
/>
`;

exports[`Icon component should match snapshot - Any valid Icon with largexx size: Icon snapshot - valid icon with largexx size 1`] = `
<i
  className="sc-AxjAm ewhtfP natds-icons natds-icons-filled-action-add undefined"
  size="largexx"
/>
`;

exports[`Icon component should match snapshot - Any valid Icon with medium size: Icon snapshot - valid icon with medium size 1`] = `
<i
  className="sc-AxjAm fDSyTa natds-icons natds-icons-filled-action-add undefined"
  size="medium"
/>
`;

exports[`Icon component should match snapshot - Any valid Icon with micro size: Icon snapshot - valid icon with micro size 1`] = `
<i
  className="sc-AxjAm fEicMP natds-icons natds-icons-filled-action-add undefined"
  size="micro"
/>
`;

exports[`Icon component should match snapshot - Any valid Icon with small size: Icon snapshot - valid icon with small size 1`] = `
<i
  className="sc-AxjAm fEPqcF natds-icons natds-icons-filled-action-add undefined"
  size="small"
/>
`;

exports[`Icon component should match snapshot - Any valid Icon with standard size: Icon snapshot - valid icon with standard size 1`] = `
<i
  className="sc-AxjAm iPsTfi natds-icons natds-icons-filled-action-add undefined"
/>
`;

exports[`Icon component should match snapshot - Any valid Icon with standard size: Icon snapshot - valid icon with standard size 2`] = `
<i
  className="sc-AxjAm fFNipE natds-icons natds-icons-filled-action-add undefined"
  size="standard"
/>
`;

exports[`Icon component should match snapshot - Any valid Icon with tiny size: Icon snapshot - valid icon with tiny size 1`] = `
<i
  className="sc-AxjAm fDRxKG natds-icons natds-icons-filled-action-add undefined"
  size="tiny"
/>
`;

exports[`Icon component should match snapshot - Any valid Icon without theme: Icon snapshot - valid Icon without theme 1`] = `
<i
  className="sc-AxjAm iPsTfi natds-icons natds-icons-filled-action-add undefined"
/>
`;
